STEP: 0
CALCULATE THE MULLIkEN ANALYSIS FOR EACH ATOM
 Total charge of spin 1:	4.5
 Total charge of spin 2:	4.5
 Total charge:	9
Decomposed Mulliken populations
0                             Zeta of Si              Spin 1              Spin 2                 Sum                Diff
s                                      0              0.6542              0.6542              1.3085              0.0000
s                                      1              0.0033              0.0033              0.0066              0.0000
SUM OVER M+Zeta                                       0.6575              0.6575              1.3151              0.0000

pz                                     0              0.3960              0.3960              0.7920             -0.0000
px                                     0              0.4143              0.4143              0.8287             -0.0000
py                                     0              0.3754              0.3754              0.7509             -0.0000
SUM OVER M                                            1.1858              1.1858              2.3715             -0.0000
pz                                     1              0.0532              0.0532              0.1064              0.0000
px                                     1              0.0525              0.0525              0.1051              0.0000
py                                     1              0.0508              0.0508              0.1016              0.0000
SUM OVER M                                            0.1565              0.1565              0.3131              0.0000
SUM OVER M+Zeta                                       1.3423              1.3423              2.6846             -0.0000

dz^2                                   0              0.0061              0.0061              0.0123             -0.0000
dxz                                    0              0.0821              0.0821              0.1641              0.0000
dyz                                    0              0.0772              0.0772              0.1544              0.0000
dx^2-y^2                               0              0.0081              0.0081              0.0162              0.0000
dxy                                    0              0.0803              0.0803              0.1607              0.0000
SUM OVER M                                            0.2538              0.2538              0.5076              0.0000
SUM OVER M+Zeta                                       0.2538              0.2538              0.5076              0.0000

SUM OVER M+Zeta+L                                     2.2537              2.2537              4.5073             -0.0000

Total Charge on atom:                 Si              4.5073
Total Magnetism on atom:              Si             -0.0000


1                             Zeta of Si              Spin 1              Spin 2                 Sum                Diff
s                                      0              0.6529              0.6529              1.3058              0.0000
s                                      1              0.0020              0.0020              0.0040              0.0000
SUM OVER M+Zeta                                       0.6549              0.6549              1.3097              0.0000

pz                                     0              0.3926              0.3926              0.7852             -0.0000
px                                     0              0.4116              0.4116              0.8233             -0.0000
py                                     0              0.3729              0.3729              0.7458             -0.0000
SUM OVER M                                            1.1771              1.1771              2.3543             -0.0000
pz                                     1              0.0541              0.0541              0.1082              0.0000
px                                     1              0.0534              0.0534              0.1068              0.0000
py                                     1              0.0518              0.0518              0.1036              0.0000
SUM OVER M                                            0.1593              0.1593              0.3186              0.0000
SUM OVER M+Zeta                                       1.3364              1.3364              2.6729             -0.0000

dz^2                                   0              0.0062              0.0062              0.0123             -0.0000
dxz                                    0              0.0824              0.0824              0.1648              0.0000
dyz                                    0              0.0775              0.0775              0.1550              0.0000
dx^2-y^2                               0              0.0081              0.0081              0.0162              0.0000
dxy                                    0              0.0809              0.0809              0.1618              0.0000
SUM OVER M                                            0.2551              0.2551              0.5101              0.0000
SUM OVER M+Zeta                                       0.2551              0.2551              0.5101              0.0000

SUM OVER M+Zeta+L                                     2.2463              2.2463              4.4927              0.0000

Total Charge on atom:                 Si              4.4927
Total Magnetism on atom:              Si              0.0000


